// Jest Snapshot v1, https://goo.gl/fbAQLP

exports[`is() is(""Element"") 1`] = `undefined`;

exports[`is() is(""Element"") 2`] = `undefined`;

exports[`is() is(""Element"") 3`] = `undefined`;

exports[`is() is(""Element"") 4`] = `undefined`;

exports[`is() is(""Element"") 5`] = `undefined`;

exports[`is() is(""Equal"") 1`] = `undefined`;

exports[`is() is(""Equal"") 2`] = `undefined`;

exports[`is() is(""Equal"") 3`] = `undefined`;

exports[`is() is(""Greater"") 1`] = `undefined`;

exports[`is() is(""GreaterEqual"") 1`] = `undefined`;

exports[`is() is(""Less"") 1`] = `undefined`;

exports[`is() is(""LessEqual"") 1`] = `undefined`;

exports[`is() is(""Not"") 1`] = `undefined`;

exports[`is() is(""Not"") 2`] = `undefined`;

exports[`is() is(""NotEqual"") 1`] = `undefined`;
